// Jest Snapshot v1, https://goo.gl/fbAQLP

exports[`everything looks the same 1`] = `
<table>
  <thead>
    <tr>
      <th
        onClick={[Function]}
      >
        ID
      </th>
      <th
        onClick={[Function]}
      >
        Title
      </th>
      <th
        onClick={[Function]}
      >
        Price
      </th>
    </tr>
  </thead>
</table>
`;

exports[`everything looks the same with reverseSort = FALSE 1`] = `
<table>
  <thead>
    <tr>
      <th
        onClick={[Function]}
      >
        ID
      </th>
      <th
        onClick={[Function]}
      >
        Title
      </th>
      <th
        onClick={[Function]}
      >
        Price
      </th>
    </tr>
  </thead>
</table>
`;

exports[`everything looks the same with reverseSort = TRUE 1`] = `
<table>
  <thead>
    <tr>
      <th
        onClick={[Function]}
      >
        ID
      </th>
      <th
        onClick={[Function]}
      >
        Title
      </th>
      <th
        onClick={[Function]}
      >
        Price
      </th>
    </tr>
  </thead>
</table>
`;
